
$ 2017-02-01 17:28:34 >> Error msg: Division by zero, in file C:\xampp\htdocs\php-webservice\index.php, at line number 4

$ 2017-02-01 17:36:57 >> Error msg: Division by zero, in file C:\xampp\htdocs\php-webservice\index.php, at line number 4
